<Result>
    <Code>0</Code>
    <Message>
        <Current>2</Current>
        <Last>-1</Last>
    </Message>
</Result>
