<?xml version="1.0" encoding="UTF-8"?>
<ns1:Root xmlns:ns1="http://www.fiorano.com/fesb/activity/EDI2XML1">
   <Empty>
          <segment>
                 <ABC>ABC</ABC>
          </segment>
   </Empty>
</ns1:Root>