<?xml version="1.0" encoding="UTF-8"?>
<ns1:SQL_CFG_1 xmlns:ns1="http://www.fiorano.com/fesb/activity/DB1/Response">
   <ns1:Insert>
      <ns1:UpdateCount>1</ns1:UpdateCount>
   </ns1:Insert>
   <ns1:Insert>
      <ns1:UpdateCount>1</ns1:UpdateCount>
   </ns1:Insert>
   <ns1:Insert>
      <ns1:UpdateCount>1</ns1:UpdateCount>
   </ns1:Insert>
   <ns1:Insert>
      <ns1:UpdateCount>1</ns1:UpdateCount>
   </ns1:Insert>
   <ns1:Insert>
      <ns1:UpdateCount>1</ns1:UpdateCount>
   </ns1:Insert>
   <ns1:Insert>
      <ns1:UpdateCount>1</ns1:UpdateCount>
   </ns1:Insert>
   <ns1:Insert>
      <ns1:UpdateCount>1</ns1:UpdateCount>
   </ns1:Insert>
   <ns1:Insert>
      <ns1:UpdateCount>1</ns1:UpdateCount>
   </ns1:Insert>
   <ns1:Insert>
      <ns1:UpdateCount>1</ns1:UpdateCount>
   </ns1:Insert>
   <ns1:Insert>
      <ns1:UpdateCount>1</ns1:UpdateCount>
   </ns1:Insert>
   <ns1:Insert>
      <ns1:UpdateCount>1</ns1:UpdateCount>
   </ns1:Insert>
   <ns1:Insert>
      <ns1:UpdateCount>1</ns1:UpdateCount>
   </ns1:Insert>
   <ns1:Insert>
      <ns1:UpdateCount>1</ns1:UpdateCount>
   </ns1:Insert>
   <ns1:Insert>
      <ns1:UpdateCount>1</ns1:UpdateCount>
   </ns1:Insert>
   <ns1:Insert>
      <ns1:UpdateCount>1</ns1:UpdateCount>
   </ns1:Insert>
   <ns1:Insert>
      <ns1:UpdateCount>1</ns1:UpdateCount>
   </ns1:Insert>
   <ns1:Insert>
      <ns1:UpdateCount>1</ns1:UpdateCount>
   </ns1:Insert>
   <ns1:Insert>
      <ns1:UpdateCount>1</ns1:UpdateCount>
   </ns1:Insert>
   <ns1:Insert>
      <ns1:UpdateCount>1</ns1:UpdateCount>
   </ns1:Insert>
   <ns1:Insert>
      <ns1:UpdateCount>1</ns1:UpdateCount>
   </ns1:Insert>
   <ns1:Insert>
      <ns1:UpdateCount>1</ns1:UpdateCount>
   </ns1:Insert>
   <ns1:Insert>
      <ns1:UpdateCount>1</ns1:UpdateCount>
   </ns1:Insert>
   <ns1:Insert>
      <ns1:UpdateCount>1</ns1:UpdateCount>
   </ns1:Insert>
   <ns1:Insert>
      <ns1:UpdateCount>1</ns1:UpdateCount>
   </ns1:Insert>
   <ns1:Insert>
      <ns1:UpdateCount>1</ns1:UpdateCount>
   </ns1:Insert>
   <ns1:Insert>
      <ns1:UpdateCount>1</ns1:UpdateCount>
   </ns1:Insert>
   <ns1:Insert>
      <ns1:UpdateCount>1</ns1:UpdateCount>
   </ns1:Insert>
   <ns1:Insert>
      <ns1:UpdateCount>1</ns1:UpdateCount>
   </ns1:Insert>
   <ns1:Insert>
      <ns1:UpdateCount>1</ns1:UpdateCount>
   </ns1:Insert>
   <ns1:Insert>
      <ns1:UpdateCount>1</ns1:UpdateCount>
   </ns1:Insert>
   <ns1:Insert>
      <ns1:UpdateCount>1</ns1:UpdateCount>
   </ns1:Insert>
   <ns1:Insert>
      <ns1:UpdateCount>1</ns1:UpdateCount>
   </ns1:Insert>
   <ns1:Insert>
      <ns1:UpdateCount>1</ns1:UpdateCount>
   </ns1:Insert>
   <ns1:Insert>
      <ns1:UpdateCount>1</ns1:UpdateCount>
   </ns1:Insert>
   <ns1:Insert>
      <ns1:UpdateCount>1</ns1:UpdateCount>
   </ns1:Insert>
   <ns1:Insert>
      <ns1:UpdateCount>1</ns1:UpdateCount>
   </ns1:Insert>
   <ns1:Insert>
      <ns1:UpdateCount>1</ns1:UpdateCount>
   </ns1:Insert>
   <ns1:Insert>
      <ns1:UpdateCount>1</ns1:UpdateCount>
   </ns1:Insert>
   <ns1:Insert>
      <ns1:UpdateCount>1</ns1:UpdateCount>
   </ns1:Insert>
   <ns1:Insert>
      <ns1:UpdateCount>1</ns1:UpdateCount>
   </ns1:Insert>
   <ns1:Insert>
      <ns1:UpdateCount>1</ns1:UpdateCount>
   </ns1:Insert>
   <ns1:Insert>
      <ns1:UpdateCount>1</ns1:UpdateCount>
   </ns1:Insert>
   <ns1:Insert>
      <ns1:UpdateCount>1</ns1:UpdateCount>
   </ns1:Insert>
   <ns1:Insert>
      <ns1:UpdateCount>1</ns1:UpdateCount>
   </ns1:Insert>
   <ns1:Insert>
      <ns1:UpdateCount>1</ns1:UpdateCount>
   </ns1:Insert>
   <ns1:Insert>
      <ns1:UpdateCount>1</ns1:UpdateCount>
   </ns1:Insert>
   <ns1:Insert>
      <ns1:UpdateCount>1</ns1:UpdateCount>
   </ns1:Insert>
   <ns1:Insert>
      <ns1:UpdateCount>1</ns1:UpdateCount>
   </ns1:Insert>
   <ns1:Insert>
      <ns1:UpdateCount>1</ns1:UpdateCount>
   </ns1:Insert>
   <ns1:Insert>
      <ns1:UpdateCount>1</ns1:UpdateCount>
   </ns1:Insert>
   <ns1:Insert>
      <ns1:UpdateCount>1</ns1:UpdateCount>
   </ns1:Insert>
   <ns1:Insert>
      <ns1:UpdateCount>1</ns1:UpdateCount>
   </ns1:Insert>
   <ns1:Insert>
      <ns1:UpdateCount>1</ns1:UpdateCount>
   </ns1:Insert>
   <ns1:Insert>
      <ns1:UpdateCount>1</ns1:UpdateCount>
   </ns1:Insert>
   <ns1:Insert>
      <ns1:UpdateCount>1</ns1:UpdateCount>
   </ns1:Insert>
   <ns1:Insert>
      <ns1:UpdateCount>1</ns1:UpdateCount>
   </ns1:Insert>
   <ns1:Insert>
      <ns1:UpdateCount>1</ns1:UpdateCount>
   </ns1:Insert>
   <ns1:Insert>
      <ns1:UpdateCount>1</ns1:UpdateCount>
   </ns1:Insert>
   <ns1:Insert>
      <ns1:UpdateCount>1</ns1:UpdateCount>
   </ns1:Insert>
   <ns1:Insert>
      <ns1:UpdateCount>1</ns1:UpdateCount>
   </ns1:Insert>
   <ns1:Insert>
      <ns1:UpdateCount>1</ns1:UpdateCount>
   </ns1:Insert>
   <ns1:Insert>
      <ns1:UpdateCount>1</ns1:UpdateCount>
   </ns1:Insert>
   <ns1:Insert>
      <ns1:UpdateCount>1</ns1:UpdateCount>
   </ns1:Insert>
   <ns1:Insert>
      <ns1:UpdateCount>1</ns1:UpdateCount>
   </ns1:Insert>
   <ns1:Insert>
      <ns1:UpdateCount>1</ns1:UpdateCount>
   </ns1:Insert>
   <ns1:Insert>
      <ns1:UpdateCount>1</ns1:UpdateCount>
   </ns1:Insert>
   <ns1:Insert>
      <ns1:UpdateCount>1</ns1:UpdateCount>
   </ns1:Insert>
   <ns1:Insert>
      <ns1:UpdateCount>1</ns1:UpdateCount>
   </ns1:Insert>
   <ns1:Insert>
      <ns1:UpdateCount>1</ns1:UpdateCount>
   </ns1:Insert>
   <ns1:Insert>
      <ns1:UpdateCount>1</ns1:UpdateCount>
   </ns1:Insert>
   <ns1:Insert>
      <ns1:UpdateCount>1</ns1:UpdateCount>
   </ns1:Insert>
   <ns1:Insert>
      <ns1:UpdateCount>1</ns1:UpdateCount>
   </ns1:Insert>
   <ns1:Insert>
      <ns1:UpdateCount>1</ns1:UpdateCount>
   </ns1:Insert>
   <ns1:Insert>
      <ns1:UpdateCount>1</ns1:UpdateCount>
   </ns1:Insert>
   <ns1:Insert>
      <ns1:UpdateCount>1</ns1:UpdateCount>
   </ns1:Insert>
   <ns1:Insert>
      <ns1:UpdateCount>1</ns1:UpdateCount>
   </ns1:Insert>
   <ns1:Insert>
      <ns1:UpdateCount>1</ns1:UpdateCount>
   </ns1:Insert>
   <ns1:Insert>
      <ns1:UpdateCount>1</ns1:UpdateCount>
   </ns1:Insert>
   <ns1:Insert>
      <ns1:UpdateCount>1</ns1:UpdateCount>
   </ns1:Insert>
   <ns1:Insert>
      <ns1:UpdateCount>1</ns1:UpdateCount>
   </ns1:Insert>
   <ns1:Insert>
      <ns1:UpdateCount>1</ns1:UpdateCount>
   </ns1:Insert>
   <ns1:Insert>
      <ns1:UpdateCount>1</ns1:UpdateCount>
   </ns1:Insert>
   <ns1:Insert>
      <ns1:UpdateCount>1</ns1:UpdateCount>
   </ns1:Insert>
   <ns1:Insert>
      <ns1:UpdateCount>1</ns1:UpdateCount>
   </ns1:Insert>
   <ns1:Insert>
      <ns1:UpdateCount>1</ns1:UpdateCount>
   </ns1:Insert>
   <ns1:Insert>
      <ns1:UpdateCount>1</ns1:UpdateCount>
   </ns1:Insert>
   <ns1:Insert>
      <ns1:UpdateCount>1</ns1:UpdateCount>
   </ns1:Insert>
   <ns1:Insert>
      <ns1:UpdateCount>1</ns1:UpdateCount>
   </ns1:Insert>
   <ns1:Insert>
      <ns1:UpdateCount>1</ns1:UpdateCount>
   </ns1:Insert>
   <ns1:Insert>
      <ns1:UpdateCount>1</ns1:UpdateCount>
   </ns1:Insert>
   <ns1:Insert>
      <ns1:UpdateCount>1</ns1:UpdateCount>
   </ns1:Insert>
   <ns1:Insert>
      <ns1:UpdateCount>1</ns1:UpdateCount>
   </ns1:Insert>
   <ns1:Insert>
      <ns1:UpdateCount>1</ns1:UpdateCount>
   </ns1:Insert>
   <ns1:Insert>
      <ns1:UpdateCount>1</ns1:UpdateCount>
   </ns1:Insert>
   <ns1:Insert>
      <ns1:UpdateCount>1</ns1:UpdateCount>
   </ns1:Insert>
   <ns1:Insert>
      <ns1:UpdateCount>1</ns1:UpdateCount>
   </ns1:Insert>
   <ns1:Insert>
      <ns1:UpdateCount>1</ns1:UpdateCount>
   </ns1:Insert>
   <ns1:Insert>
      <ns1:UpdateCount>1</ns1:UpdateCount>
   </ns1:Insert>
   <ns1:Insert>
      <ns1:UpdateCount>1</ns1:UpdateCount>
   </ns1:Insert>
   <ns1:Insert>
      <ns1:UpdateCount>1</ns1:UpdateCount>
   </ns1:Insert>
</ns1:SQL_CFG_1>