<ChatMessage><Sender><Name>FioranoESB Demo</Name><Email>fesb@fiorano.com</Email></Sender><Message>Hi</Message></ChatMessage>

