<html xmlns:ns2="http://www.w3.org/2001/XMLSchema" xmlns:ns1="http://www.fiorano.com/httpReceive">
  <head>
    <META http-equiv="Content-Type" content="text/html; charset=UTF-8">
    <title>Mortgage - Property Response</title>
    <meta content="text/html; charset=iso-8859-1" http-equiv="Content-Type">
    <link type="text/css" rel="stylesheet" href="fiorano.css">
  </head>
  <body>
    <br>
    <form method="GET" action="http://localhost:9999/req" name="loanForm">
      <table cellspacing="0" cellpadding="0" align="center" border="0" width="90%">
        <tr>
          <td bgcolor="#006699">
            <table bgcolor="#CCCCCC" cellspacing="0" cellpadding="0" border="0" width="100%">
              <tr>
                <td>
                  <table bgcolor="#FFFFFF" cellspacing="0" cellpadding="2" border="0" width="100%">
                    <tr bgcolor="f3f3f3">
                      <td class="fi_subhead" width="36%"><b>Request sent. Please see the display response panel for the response.</b></td>
                    </tr>
                    <tr bgcolor="f3f3f3">
                      <td class="fi_subhead" width="36%"></td>
                    </tr>
                  </table>
                </td>
              </tr>
            </table>
          </td>
        </tr>
      </table>
    </form>
  </body>
  <script language="javascript">function sendRequestToHttpReceive() {

 document.orderform.submit();
}</script>
</html>
