<?xml version="1.0" encoding="UTF-8"?><LoadMsg xmlns:ns2="http://www.w3.org/2001/XMLSchema" xmlns:ns1="http://www.fiorano.com/fesb/activity/AS400_DBMonitor/Response">
    <MSG_ID>123</MSG_ID>
    <PACKET>8421231</PACKET>
    <XXFLOC>842</XXFLOC>
  </LoadMsg>
